error: use of `Debug`-based formatting
  --> tests/ui/print.rs:11:20
   |
LL |         write!(f, "{:?}", 43.1415)
   |                    ^^^^
   |
   = note: `-D clippy::use-debug` implied by `-D warnings`
   = help: to override `-D warnings` add `#[allow(clippy::use_debug)]`

error: use of `println!`
  --> tests/ui/print.rs:25:5
   |
LL |     println!("Hello");
   |     ^^^^^^^^^^^^^^^^^
   |
   = note: `-D clippy::print-stdout` implied by `-D warnings`
   = help: to override `-D warnings` add `#[allow(clippy::print_stdout)]`

error: use of `print!`
  --> tests/ui/print.rs:28:5
   |
LL |     print!("Hello");
   |     ^^^^^^^^^^^^^^^

error: literal with an empty format string
  --> $DIR/print.rs:31:24
   |
LL |     print!("Hello {}", "World");
   |                        ^^^^^^^
   |
   = note: `-D clippy::format-literal` implied by `-D warnings`
   = help: to override `-D warnings` add `#[allow(clippy::format_literal)]`
help: try
   |
LL -     print!("Hello {}", "World");
LL +     print!("Hello World");
   |

error: use of `print!`
  --> tests/ui/print.rs:31:5
   |
LL |     print!("Hello {}", "World");
   |     ^^^^^^^^^^^^^^^^^^^^^^^^^^^

error: use of `print!`
  --> tests/ui/print.rs:34:5
   |
LL |     print!("Hello {:?}", "World");
   |     ^^^^^^^^^^^^^^^^^^^^^^^^^^^^^

error: use of `Debug`-based formatting
  --> tests/ui/print.rs:34:19
   |
LL |     print!("Hello {:?}", "World");
   |                   ^^^^

error: use of `print!`
  --> tests/ui/print.rs:38:5
   |
LL |     print!("Hello {:#?}", "#orld");
   |     ^^^^^^^^^^^^^^^^^^^^^^^^^^^^^^

error: use of `Debug`-based formatting
  --> tests/ui/print.rs:38:19
   |
LL |     print!("Hello {:#?}", "#orld");
   |                   ^^^^^

error: aborting due to 9 previous errors

