error: using `print!()` with a format string that ends in a single newline
  --> tests/ui/print_with_newline.rs:7:5
   |
LL |     print!("Hello\n");
   |     ^^^^^^^^^^^^^^^^^
   |
   = note: `-D clippy::print-with-newline` implied by `-D warnings`
   = help: to override `-D warnings` add `#[allow(clippy::print_with_newline)]`
help: use `println!` instead
   |
LL -     print!("Hello\n");
LL +     println!("Hello");
   |

error: literal with an empty format string
  --> $DIR/print_with_newline.rs:10:26
   |
LL |     print!("Hello {}\n", "world");
   |                          ^^^^^^^
   |
   = note: `-D clippy::format-literal` implied by `-D warnings`
   = help: to override `-D warnings` add `#[allow(clippy::format_literal)]`
help: try
   |
LL -     print!("Hello {}\n", "world");
LL +     print!("Hello world\n");
   |

error: using `print!()` with a format string that ends in a single newline
  --> tests/ui/print_with_newline.rs:10:5
   |
LL |     print!("Hello {}\n", "world");
   |     ^^^^^^^^^^^^^^^^^^^^^^^^^^^^^
   |
help: use `println!` instead
   |
LL -     print!("Hello {}\n", "world");
LL +     println!("Hello {}", "world");
   |

error: literal with an empty format string
  --> $DIR/print_with_newline.rs:12:29
   |
LL |     print!("Hello {} {}\n", "world", "#2");
   |                             ^^^^^^^^^^^^^
   |
help: try
   |
LL -     print!("Hello {} {}\n", "world", "#2");
LL +     print!("Hello world #2\n");
   |

error: using `print!()` with a format string that ends in a single newline
  --> tests/ui/print_with_newline.rs:12:5
   |
LL |     print!("Hello {} {}\n", "world", "#2");
   |     ^^^^^^^^^^^^^^^^^^^^^^^^^^^^^^^^^^^^^^
   |
help: use `println!` instead
   |
LL -     print!("Hello {} {}\n", "world", "#2");
LL +     println!("Hello {} {}", "world", "#2");
   |

error: using `print!()` with a format string that ends in a single newline
  --> tests/ui/print_with_newline.rs:14:5
   |
LL |     print!("{}\n", 1265);
   |     ^^^^^^^^^^^^^^^^^^^^
   |
help: use `println!` instead
   |
LL -     print!("{}\n", 1265);
LL +     println!("{}", 1265);
   |

error: using `print!()` with a format string that ends in a single newline
  --> tests/ui/print_with_newline.rs:16:5
   |
LL |     print!("\n");
   |     ^^^^^^^^^^^^
   |
help: use `println!` instead
   |
LL -     print!("\n");
LL +     println!();
   |

error: literal with an empty format string
  --> $DIR/print_with_newline.rs:24:28
   |
LL |     println!("Hello {}\n", "world");
   |                            ^^^^^^^
   |
help: try
   |
LL -     println!("Hello {}\n", "world");
LL +     println!("Hello world\n");
   |

error: literal with an empty format string
  --> $DIR/print_with_newline.rs:30:31
   |
LL |     print!("Hello {} {}\n\n", "world", "#2");
   |                               ^^^^^^^^^^^^^
   |
help: try
   |
LL -     print!("Hello {} {}\n\n", "world", "#2");
LL +     print!("Hello world #2\n\n");
   |

error: using `print!()` with a format string that ends in a single newline
  --> tests/ui/print_with_newline.rs:39:5
   |
LL |     print!("\\\n");
   |     ^^^^^^^^^^^^^^
   |
help: use `println!` instead
   |
LL -     print!("\\\n");
LL +     println!("\\");
   |

error: using `print!()` with a format string that ends in a single newline
  --> tests/ui/print_with_newline.rs:48:5
   |
LL | /     print!(
LL | |
LL | |         "
LL | | "
LL | |     );
   | |_____^
   |
help: use `println!` instead
   |
LL ~     println!(
LL |
LL ~         
   |

error: using `print!()` with a format string that ends in a single newline
  --> tests/ui/print_with_newline.rs:53:5
   |
LL | /     print!(
LL | |
LL | |         r"
LL | | "
LL | |     );
   | |_____^
   |
help: use `println!` instead
   |
LL ~     println!(
LL |
LL ~         
   |

error: using `print!()` with a format string that ends in a single newline
  --> tests/ui/print_with_newline.rs:63:5
   |
LL |     print!("\\r\n");
   |     ^^^^^^^^^^^^^^^
   |
help: use `println!` instead
   |
LL -     print!("\\r\n");
LL +     println!("\\r");
   |

error: aborting due to 13 previous errors

