error: using `write!()` with a format string that ends in a single newline
  --> tests/ui/write_with_newline.rs:12:5
   |
LL |     write!(v, "Hello\n");
   |     ^^^^^^^^^^^^^^^^^^^^
   |
   = note: `-D clippy::write-with-newline` implied by `-D warnings`
   = help: to override `-D warnings` add `#[allow(clippy::write_with_newline)]`
help: use `writeln!` instead
   |
LL -     write!(v, "Hello\n");
LL +     writeln!(v, "Hello");
   |

error: literal with an empty format string
  --> $DIR/write_with_newline.rs:15:29
   |
LL |     write!(v, "Hello {}\n", "world");
   |                             ^^^^^^^
   |
   = note: `-D clippy::format-literal` implied by `-D warnings`
   = help: to override `-D warnings` add `#[allow(clippy::format_literal)]`
help: try
   |
LL -     write!(v, "Hello {}\n", "world");
LL +     write!(v, "Hello world\n");
   |

error: using `write!()` with a format string that ends in a single newline
  --> tests/ui/write_with_newline.rs:15:5
   |
LL |     write!(v, "Hello {}\n", "world");
   |     ^^^^^^^^^^^^^^^^^^^^^^^^^^^^^^^^
   |
help: use `writeln!` instead
   |
LL -     write!(v, "Hello {}\n", "world");
LL +     writeln!(v, "Hello {}", "world");
   |

error: literal with an empty format string
  --> $DIR/write_with_newline.rs:17:32
   |
LL |     write!(v, "Hello {} {}\n", "world", "#2");
   |                                ^^^^^^^^^^^^^
   |
help: try
   |
LL -     write!(v, "Hello {} {}\n", "world", "#2");
LL +     write!(v, "Hello world #2\n");
   |

error: using `write!()` with a format string that ends in a single newline
  --> tests/ui/write_with_newline.rs:17:5
   |
LL |     write!(v, "Hello {} {}\n", "world", "#2");
   |     ^^^^^^^^^^^^^^^^^^^^^^^^^^^^^^^^^^^^^^^^^
   |
help: use `writeln!` instead
   |
LL -     write!(v, "Hello {} {}\n", "world", "#2");
LL +     writeln!(v, "Hello {} {}", "world", "#2");
   |

error: using `write!()` with a format string that ends in a single newline
  --> tests/ui/write_with_newline.rs:19:5
   |
LL |     write!(v, "{}\n", 1265);
   |     ^^^^^^^^^^^^^^^^^^^^^^^
   |
help: use `writeln!` instead
   |
LL -     write!(v, "{}\n", 1265);
LL +     writeln!(v, "{}", 1265);
   |

error: using `write!()` with a format string that ends in a single newline
  --> tests/ui/write_with_newline.rs:21:5
   |
LL |     write!(v, "\n");
   |     ^^^^^^^^^^^^^^^
   |
help: use `writeln!` instead
   |
LL -     write!(v, "\n");
LL +     writeln!(v);
   |

error: literal with an empty format string
  --> $DIR/write_with_newline.rs:29:31
   |
LL |     writeln!(v, "Hello {}\n", "world");
   |                               ^^^^^^^
   |
help: try
   |
LL -     writeln!(v, "Hello {}\n", "world");
LL +     writeln!(v, "Hello world\n");
   |

error: literal with an empty format string
  --> $DIR/write_with_newline.rs:35:34
   |
LL |     write!(v, "Hello {} {}\n\n", "world", "#2");
   |                                  ^^^^^^^^^^^^^
   |
help: try
   |
LL -     write!(v, "Hello {} {}\n\n", "world", "#2");
LL +     write!(v, "Hello world #2\n\n");
   |

error: using `write!()` with a format string that ends in a single newline
  --> tests/ui/write_with_newline.rs:44:5
   |
LL |     write!(v, "\\\n");
   |     ^^^^^^^^^^^^^^^^^
   |
help: use `writeln!` instead
   |
LL -     write!(v, "\\\n");
LL +     writeln!(v, "\\");
   |

error: using `write!()` with a format string that ends in a single newline
  --> tests/ui/write_with_newline.rs:53:5
   |
LL | /     write!(
LL | |
LL | |         v,
LL | |         "
LL | | "
LL | |     );
   | |_____^
   |
help: use `writeln!` instead
   |
LL ~     writeln!(
LL |
LL ~         v
   |

error: using `write!()` with a format string that ends in a single newline
  --> tests/ui/write_with_newline.rs:59:5
   |
LL | /     write!(
LL | |
LL | |         v,
LL | |         r"
LL | | "
LL | |     );
   | |_____^
   |
help: use `writeln!` instead
   |
LL ~     writeln!(
LL |
LL ~         v
   |

error: using `write!()` with a format string that ends in a single newline
  --> tests/ui/write_with_newline.rs:69:5
   |
LL |     write!(v, "\\r\n");
   |     ^^^^^^^^^^^^^^^^^^
   |
help: use `writeln!` instead
   |
LL -     write!(v, "\\r\n");
LL +     writeln!(v, "\\r");
   |

error: aborting due to 13 previous errors

